// Vitest Snapshot v1, https://vitest.dev/guide/snapshot.html

exports[`Testes de rotas da JIKAN > GET /season_stats > retorna as estatísticas da temporada atual de animes 1`] = `
{
  "averageScore": Any<Number>,
  "frequentDemography": Any<String>,
  "frequentGenre": Any<String>,
  "totalCount": Any<Number>,
}
`;

exports[`Testes de rotas da JIKAN > GET /season_top > retorna uma lista com os melhores animes da temporada 1`] = `
{
  "mal_id": Any<Number>,
  "score": Any<Number>,
  "status": Any<String>,
  "type": Any<String>,
  "year": Any<Number>,
}
`;

exports[`Testes de rotas da JIKAN > GET /trending/'anime' > retorna uma lista dos animes em alta 1`] = `
{
  "mal_id": Any<Number>,
  "score": Any<Number>,
  "status": Any<String>,
  "type": Any<String>,
  "year": Any<Number>,
}
`;

exports[`Testes de rotas da JIKAN > GET /trending/'manga' > retorna uma lista dos mangas em alta 1`] = `
{
  "mal_id": Any<Number>,
  "score": Any<Number>,
  "status": Any<String>,
  "type": Any<String>,
  "year": Any<Number>,
}
`;

exports[`Testes de rotas da JIKAN > GET /trending/:type > retorna uma lista dos animes em alta (type = anime) 1`] = `
{
  "mal_id": Any<Number>,
  "score": Any<Number>,
  "status": Any<String>,
  "type": Any<String>,
  "year": Any<Number>,
}
`;

exports[`Testes de rotas da JIKAN > GET /trending/:type > retorna uma lista dos mangás em alta (type = manga) 1`] = `
{
  "mal_id": Any<Number>,
  "score": Any<Number>,
  "status": Any<String>,
  "type": Any<String>,
  "year": Any<Number>,
}
`;
